mode: atomic
github.com/Violet-Lemon/hexlet-go-testing/textstat/textstat.go:9.41,10.29 1 5
github.com/Violet-Lemon/hexlet-go-testing/textstat/textstat.go:10.29,10.83 1 96
github.com/Violet-Lemon/hexlet-go-testing/textstat/textstat.go:11.2,13.27 3 5
github.com/Violet-Lemon/hexlet-go-testing/textstat/textstat.go:13.27,15.14 2 15
github.com/Violet-Lemon/hexlet-go-testing/textstat/textstat.go:15.14,16.12 1 0
github.com/Violet-Lemon/hexlet-go-testing/textstat/textstat.go:18.3,18.12 1 15
github.com/Violet-Lemon/hexlet-go-testing/textstat/textstat.go:20.2,20.13 1 5
github.com/Violet-Lemon/hexlet-go-testing/currency/currency.go:9.68,11.2 1 3
github.com/Violet-Lemon/hexlet-go-testing/even/even.go:3.25,5.2 1 5
github.com/Violet-Lemon/hexlet-go-testing/safe/safe.go:3.37,4.27 1 3
github.com/Violet-Lemon/hexlet-go-testing/safe/safe.go:4.27,5.30 1 2
github.com/Violet-Lemon/hexlet-go-testing/safe/safe.go:7.2,7.14 1 1
github.com/Violet-Lemon/hexlet-go-testing/hashutil/hashutil.go:9.34,12.2 2 4
github.com/Violet-Lemon/hexlet-go-testing/normalize/normalize.go:7.29,11.22 2 5
github.com/Violet-Lemon/hexlet-go-testing/normalize/normalize.go:11.22,13.3 1 1
github.com/Violet-Lemon/hexlet-go-testing/normalize/normalize.go:14.2,14.51 1 4
github.com/Violet-Lemon/hexlet-go-testing/greet/greet.go:5.41,6.16 1 5
github.com/Violet-Lemon/hexlet-go-testing/greet/greet.go:6.16,8.3 1 1
github.com/Violet-Lemon/hexlet-go-testing/greet/greet.go:9.2,9.30 1 4
github.com/Violet-Lemon/hexlet-go-testing/sluggy/sluggy.go:9.28,13.22 4 4
github.com/Violet-Lemon/hexlet-go-testing/sluggy/sluggy.go:13.22,14.48 1 42
github.com/Violet-Lemon/hexlet-go-testing/sluggy/sluggy.go:14.48,17.12 3 34
github.com/Violet-Lemon/hexlet-go-testing/sluggy/sluggy.go:19.3,19.18 1 8
github.com/Violet-Lemon/hexlet-go-testing/sluggy/sluggy.go:19.18,22.4 2 5
github.com/Violet-Lemon/hexlet-go-testing/sluggy/sluggy.go:24.2,27.12 3 4
github.com/Violet-Lemon/hexlet-go-testing/validate/validate.go:7.38,8.16 1 2
github.com/Violet-Lemon/hexlet-go-testing/validate/validate.go:8.16,10.3 1 1
github.com/Violet-Lemon/hexlet-go-testing/validate/validate.go:11.2,11.12 1 1
github.com/Violet-Lemon/hexlet-go-testing/tempfiledemo/tempfiledemo.go:9.70,11.16 2 3
github.com/Violet-Lemon/hexlet-go-testing/tempfiledemo/tempfiledemo.go:11.16,13.3 1 0
github.com/Violet-Lemon/hexlet-go-testing/tempfiledemo/tempfiledemo.go:14.2,17.50 3 3
github.com/Violet-Lemon/hexlet-go-testing/tempfiledemo/tempfiledemo.go:17.50,19.3 1 0
github.com/Violet-Lemon/hexlet-go-testing/tempfiledemo/tempfiledemo.go:20.2,20.22 1 3
github.com/Violet-Lemon/hexlet-go-testing/hello.go:3.32,4.16 1 0
github.com/Violet-Lemon/hexlet-go-testing/hello.go:4.16,6.3 1 0
github.com/Violet-Lemon/hexlet-go-testing/hello.go:8.2,8.31 1 0
